[e2] config_hash=b0263d9f95 commit=65b9bbb-dirty
[e2] scene_S_low/seed0: patches=526 init=3 gt_gaps=64 full_st=13 setup=0.5s
[e2]   B0_random: exists, skip (禁止覆盖)
[e2]   Bdisp_maxmin: exists, skip (禁止覆盖)
[e2]   B1_patent: exists, skip (禁止覆盖)
[e2]   B5_occ_rng: exists, skip (禁止覆盖)
[e2]   B10_full: exists, skip (禁止覆盖)
[e2] scene_S_low/seed1: patches=486 init=3 gt_gaps=41 full_st=14 setup=0.5s
[e2]   B0_random: exists, skip (禁止覆盖)
[e2]   Bdisp_maxmin: exists, skip (禁止覆盖)
[e2]   B1_patent: exists, skip (禁止覆盖)
[e2]   B5_occ_rng: exists, skip (禁止覆盖)
[e2]   B10_full: exists, skip (禁止覆盖)
[e2] scene_S_low/seed2: patches=522 init=3 gt_gaps=48 full_st=13 setup=0.5s
[e2]   B0_random: exists, skip (禁止覆盖)
[e2]   Bdisp_maxmin: exists, skip (禁止覆盖)
[e2]   B1_patent: exists, skip (禁止覆盖)
[e2]   B5_occ_rng: exists, skip (禁止覆盖)
[e2]   B10_full: exists, skip (禁止覆盖)
[e2] scene_S_low/seed3: patches=516 init=3 gt_gaps=50 full_st=13 setup=0.4s
[e2]   B0_random: status=ok awc=0.344 len=108m st=6 (0.35s)
[e2]   Bdisp_maxmin: status=ok awc=0.983 len=200m st=6 (0.64s)
[e2]   B1_patent: status=ok awc=0.852 len=143m st=6 (18.98s)
[e2]   B5_occ_rng: status=ok awc=0.993 len=193m st=6 (28.84s)
[e2]   B10_full: status=ok awc=0.993 len=166m st=6 (35.52s)
[e2] scene_S_low/seed4: patches=522 init=3 gt_gaps=45 full_st=13 setup=0.4s
[e2]   B0_random: status=ok awc=0.567 len=99m st=6 (0.31s)
[e2]   Bdisp_maxmin: status=ok awc=0.890 len=216m st=6 (0.8s)
[e2]   B1_patent: status=ok awc=0.817 len=143m st=6 (22.92s)
[e2]   B5_occ_rng: status=ok awc=0.984 len=195m st=6 (32.36s)
[e2]   B10_full: status=ok awc=0.984 len=212m st=6 (36.19s)
[e2] scene_S_low/seed5: patches=522 init=3 gt_gaps=54 full_st=13 setup=0.4s
[e2]   B0_random: status=ok awc=0.243 len=129m st=6 (0.32s)
[e2]   Bdisp_maxmin: status=ok awc=0.971 len=205m st=6 (0.78s)
[e2]   B1_patent: status=ok awc=0.838 len=107m st=6 (21.15s)
[e2]   B5_occ_rng: status=ok awc=0.984 len=183m st=6 (31.34s)
[e2]   B10_full: status=ok awc=0.990 len=164m st=6 (34.48s)
[e2] scene_S_low/seed6: patches=540 init=3 gt_gaps=52 full_st=13 setup=0.4s
[e2]   B0_random: status=ok awc=0.638 len=145m st=6 (0.33s)
[e2]   Bdisp_maxmin: status=ok awc=0.976 len=235m st=6 (0.9s)
[e2]   B1_patent: status=ok awc=0.814 len=107m st=6 (20.43s)
[e2]   B5_occ_rng: status=ok awc=0.950 len=189m st=6 (32.61s)
[e2]   B10_full: status=ok awc=0.983 len=150m st=6 (37.61s)
[e2] scene_S_low/seed7: patches=492 init=3 gt_gaps=47 full_st=13 setup=0.4s
[e2]   B0_random: status=ok awc=0.723 len=96m st=6 (0.32s)
[e2]   Bdisp_maxmin: status=ok awc=0.778 len=201m st=6 (0.98s)
[e2]   B1_patent: status=ok awc=0.762 len=187m st=6 (27.13s)
[e2]   B5_occ_rng: status=ok awc=0.985 len=215m st=6 (36.51s)
[e2]   B10_full: status=ok awc=0.996 len=215m st=6 (38.13s)
[e2] scene_S_mid/seed0: patches=682 init=3 gt_gaps=57 full_st=10 setup=0.5s
[e2]   B0_random: exists, skip (禁止覆盖)
[e2]   Bdisp_maxmin: exists, skip (禁止覆盖)
[e2]   B1_patent: exists, skip (禁止覆盖)
[e2]   B5_occ_rng: exists, skip (禁止覆盖)
[e2]   B10_full: exists, skip (禁止覆盖)
[e2] scene_S_mid/seed1: patches=654 init=3 gt_gaps=61 full_st=12 setup=0.5s
[e2]   B0_random: exists, skip (禁止覆盖)
[e2]   Bdisp_maxmin: exists, skip (禁止覆盖)
[e2]   B1_patent: exists, skip (禁止覆盖)
[e2]   B5_occ_rng: exists, skip (禁止覆盖)
[e2]   B10_full: exists, skip (禁止覆盖)
[e2] scene_S_mid/seed2: patches=672 init=3 gt_gaps=55 full_st=10 setup=0.5s
[e2]   B0_random: exists, skip (禁止覆盖)
[e2]   Bdisp_maxmin: exists, skip (禁止覆盖)
[e2]   B1_patent: exists, skip (禁止覆盖)
[e2]   B5_occ_rng: exists, skip (禁止覆盖)
[e2]   B10_full: exists, skip (禁止覆盖)
[e2] scene_S_mid/seed3: patches=670 init=3 gt_gaps=70 full_st=13 setup=0.5s
[e2]   B0_random: status=ok awc=0.946 len=97m st=6 (0.33s)
[e2]   Bdisp_maxmin: status=ok awc=0.958 len=232m st=6 (0.97s)
[e2]   B1_patent: status=ok awc=0.903 len=126m st=6 (17.16s)
[e2]   B5_occ_rng: status=ok awc=0.977 len=175m st=6 (28.63s)
[e2]   B10_full: status=ok awc=0.984 len=203m st=6 (34.96s)
[e2] scene_S_mid/seed4: patches=706 init=3 gt_gaps=54 full_st=9 setup=0.7s
[e2]   B0_random: status=ok awc=0.036 len=85m st=6 (0.51s)
[e2]   Bdisp_maxmin: status=ok awc=0.993 len=219m st=6 (2.84s)
[e2]   B1_patent: status=ok awc=0.923 len=107m st=6 (22.07s)
[e2]   B5_occ_rng: status=ok awc=0.985 len=224m st=6 (32.42s)
[e2]   B10_full: status=ok awc=0.986 len=221m st=6 (38.13s)
[e2] scene_S_mid/seed5: patches=720 init=3 gt_gaps=61 full_st=9 setup=0.5s
[e2]   B0_random: status=ok awc=0.202 len=165m st=6 (0.37s)
[e2]   Bdisp_maxmin: status=ok awc=0.983 len=223m st=6 (1.19s)
[e2]   B1_patent: status=ok awc=0.919 len=107m st=6 (26.18s)
[e2]   B5_occ_rng: status=ok awc=0.985 len=207m st=6 (37.58s)
[e2]   B10_full: status=ok awc=0.985 len=206m st=6 (59.0s)
[e2] scene_S_mid/seed6: patches=708 init=3 gt_gaps=58 full_st=9 setup=0.5s
[e2]   B0_random: status=ok awc=0.636 len=110m st=6 (0.34s)
[e2]   Bdisp_maxmin: status=ok awc=0.981 len=231m st=6 (1.24s)
[e2]   B1_patent: status=ok awc=0.914 len=107m st=6 (17.95s)
[e2]   B5_occ_rng: status=ok awc=0.988 len=207m st=6 (28.7s)
[e2]   B10_full: status=ok awc=0.989 len=185m st=6 (36.03s)
[e2] scene_S_mid/seed7: patches=654 init=3 gt_gaps=65 full_st=10 setup=0.4s
[e2]   B0_random: status=ok awc=0.867 len=108m st=6 (0.32s)
[e2]   Bdisp_maxmin: status=ok awc=0.984 len=215m st=6 (1.77s)
[e2]   B1_patent: status=ok awc=0.909 len=127m st=6 (29.15s)
[e2]   B5_occ_rng: status=ok awc=0.981 len=241m st=6 (38.42s)
[e2]   B10_full: status=ok awc=0.981 len=226m st=6 (46.44s)
[e2] scene_M_mid/seed0: patches=846 init=3 gt_gaps=91 full_st=21 setup=0.6s
[e2]   B0_random: exists, skip (禁止覆盖)
[e2]   Bdisp_maxmin: exists, skip (禁止覆盖)
[e2]   B1_patent: exists, skip (禁止覆盖)
[e2]   B5_occ_rng: exists, skip (禁止覆盖)
[e2]   B10_full: exists, skip (禁止覆盖)
[e2] scene_M_mid/seed1: patches=858 init=3 gt_gaps=90 full_st=21 setup=0.6s
[e2]   B0_random: exists, skip (禁止覆盖)
[e2]   Bdisp_maxmin: exists, skip (禁止覆盖)
[e2]   B1_patent: exists, skip (禁止覆盖)
[e2]   B5_occ_rng: exists, skip (禁止覆盖)
[e2]   B10_full: exists, skip (禁止覆盖)
[e2] scene_M_mid/seed2: patches=864 init=3 gt_gaps=83 full_st=22 setup=0.6s
[e2]   B0_random: exists, skip (禁止覆盖)
[e2]   Bdisp_maxmin: exists, skip (禁止覆盖)
[e2]   B1_patent: exists, skip (禁止覆盖)
[e2]   B5_occ_rng: exists, skip (禁止覆盖)
[e2]   B10_full: exists, skip (禁止覆盖)
[e2] scene_M_mid/seed3: patches=840 init=3 gt_gaps=89 full_st=21 setup=0.6s
[e2]   B0_random: status=ok awc=0.872 len=168m st=6 (0.51s)
[e2]   Bdisp_maxmin: status=ok awc=0.847 len=255m st=6 (1.18s)
[e2]   B1_patent: status=ok awc=0.543 len=89m st=6 (119.76s)
[e2]   B5_occ_rng: status=ok awc=0.959 len=332m st=6 (132.63s)
[e2]   B10_full: status=ok awc=0.982 len=356m st=6 (161.1s)
[e2] scene_M_mid/seed4: patches=898 init=3 gt_gaps=97 full_st=21 setup=0.6s
[e2]   B0_random: status=ok awc=0.277 len=127m st=6 (0.36s)
[e2]   Bdisp_maxmin: status=ok awc=0.876 len=344m st=6 (2.34s)
[e2]   B1_patent: status=ok awc=0.593 len=196m st=6 (82.6s)
[e2]   B5_occ_rng: status=ok awc=0.823 len=297m st=6 (107.85s)
[e2]   B10_full: status=ok awc=0.824 len=248m st=6 (137.34s)
[e2] scene_M_mid/seed5: patches=876 init=3 gt_gaps=82 full_st=20 setup=0.6s
[e2]   B0_random: status=ok awc=0.265 len=206m st=6 (0.47s)
[e2]   Bdisp_maxmin: status=ok awc=0.919 len=320m st=6 (1.36s)
[e2]   B1_patent: status=ok awc=0.614 len=192m st=6 (100.41s)
[e2]   B5_occ_rng: status=ok awc=0.741 len=268m st=6 (106.22s)
[e2]   B10_full: status=ok awc=0.823 len=299m st=6 (111.85s)
[e2] scene_M_mid/seed6: patches=888 init=3 gt_gaps=100 full_st=21 setup=0.7s
[e2]   B0_random: status=ok awc=0.581 len=258m st=6 (0.51s)
[e2]   Bdisp_maxmin: status=ok awc=0.909 len=277m st=6 (1.33s)
[e2]   B1_patent: status=ok awc=0.571 len=213m st=6 (90.64s)
[e2]   B5_occ_rng: status=ok awc=0.776 len=309m st=6 (111.21s)
[e2]   B10_full: status=ok awc=0.816 len=274m st=6 (113.77s)
[e2] scene_M_mid/seed7: patches=876 init=3 gt_gaps=116 full_st=22 setup=0.6s
[e2]   B0_random: status=ok awc=0.608 len=118m st=6 (0.37s)
[e2]   Bdisp_maxmin: status=ok awc=0.848 len=281m st=6 (1.57s)
[e2]   B1_patent: status=ok awc=0.600 len=223m st=6 (85.9s)
[e2]   B5_occ_rng: status=ok awc=0.842 len=291m st=6 (101.99s)
[e2]   B10_full: status=ok awc=0.917 len=314m st=6 (173.38s)
[e2] summary → /home/xqin5/patent_gap_nbv/results/exp2/summary.md
