[e5] config_hash=7016dc479a commit=a7a24fa
[e5] scene_S_low/seed0: patches=526 gaps=64 n_full=13 budget=5站/300m
[e5]   Bdisp_maxmin   awc=0.881 asset=0.826 crit=0.750 (0.5s)
[e5]   B5_occ_rng     awc=0.988 asset=0.882 crit=0.875 (31.2s)
[e5]   B10_full       awc=0.988 asset=0.884 crit=0.875 (52.2s)
[e5] scene_S_low/seed1: patches=486 gaps=41 n_full=14 budget=5站/300m
[e5]   Bdisp_maxmin   awc=0.978 asset=0.908 crit=0.926 (0.9s)
[e5]   B5_occ_rng     awc=0.972 asset=0.831 crit=0.852 (27.9s)
[e5]   B10_full       awc=0.978 asset=0.915 crit=0.926 (43.5s)
[e5] scene_S_low/seed2: patches=522 gaps=48 n_full=13 budget=5站/300m
[e5]   Bdisp_maxmin   awc=0.945 asset=0.826 crit=0.867 (0.6s)
[e5]   B5_occ_rng     awc=0.975 asset=0.839 crit=0.900 (30.6s)
[e5]   B10_full       awc=0.975 asset=0.839 crit=0.900 (47.0s)
[e5] scene_S_mid/seed0: patches=682 gaps=57 n_full=10 budget=4站/240m
[e5]   Bdisp_maxmin   awc=0.975 asset=0.883 crit=0.850 (2.2s)
[e5]   B5_occ_rng     awc=0.885 asset=0.360 crit=0.250 (25.9s)
[e5]   B10_full       awc=0.963 asset=0.803 crit=0.900 (52.3s)
[e5] scene_S_mid/seed1: patches=654 gaps=61 n_full=12 budget=4站/240m
[e5]   Bdisp_maxmin   awc=0.844 asset=0.866 crit=0.886 (1.0s)
[e5]   B5_occ_rng     awc=0.887 asset=0.428 crit=0.386 (17.6s)
[e5]   B10_full       awc=0.973 asset=0.838 crit=0.818 (20.9s)
[e5] scene_S_mid/seed2: patches=672 gaps=55 n_full=10 budget=4站/240m
[e5]   Bdisp_maxmin   awc=0.963 asset=0.759 crit=0.778 (2.5s)
[e5]   B5_occ_rng     awc=0.955 asset=0.637 crit=0.750 (32.8s)
[e5]   B10_full       awc=0.955 asset=0.637 crit=0.750 (56.9s)
[e5] scene_S_high/seed0: patches=886 gaps=92 n_full=10 budget=4站/240m
[e5]   Bdisp_maxmin   awc=0.928 asset=0.773 crit=0.768 (0.7s)
[e5]   B5_occ_rng     awc=0.831 asset=0.584 crit=0.551 (27.8s)
[e5]   B10_full       awc=0.910 asset=0.746 crit=0.696 (38.6s)
[e5] scene_S_high/seed1: patches=946 gaps=88 n_full=9 budget=3站/180m
[e5]   Bdisp_maxmin   awc=0.911 asset=0.658 crit=0.644 (0.9s)
[e5]   B5_occ_rng     awc=0.693 asset=0.133 crit=0.051 (20.7s)
[e5]   B10_full       awc=0.693 asset=0.133 crit=0.051 (33.5s)
[e5] scene_S_high/seed2: patches=888 gaps=90 n_full=12 budget=4站/240m
[e5]   Bdisp_maxmin   awc=0.523 asset=0.226 crit=0.383 (3.2s)
[e5]   B5_occ_rng     awc=0.539 asset=0.286 crit=0.400 (34.1s)
[e5]   B10_full       awc=0.539 asset=0.286 crit=0.400 (48.2s)
[e5] scene_M_low/seed0: patches=678 gaps=90 n_full=25 budget=9站/540m
[e5]   Bdisp_maxmin   awc=0.761 asset=0.960 crit=0.972 (2.0s)
[e5]   B5_occ_rng     awc=0.936 asset=0.974 crit=0.972 (141.2s)
[e5]   B10_full       awc=0.936 asset=0.974 crit=0.972 (146.2s)
[e5] scene_M_low/seed1: patches=672 gaps=68 n_full=25 budget=9站/540m
[e5]   Bdisp_maxmin   awc=0.873 asset=0.993 crit=0.981 (2.0s)
[e5]   B5_occ_rng     awc=1.000 asset=1.000 crit=1.000 (162.2s)
[e5]   B10_full       awc=1.000 asset=1.000 crit=1.000 (211.3s)
[e5] scene_M_low/seed2: patches=672 gaps=90 n_full=24 budget=8站/480m
[e5]   Bdisp_maxmin   awc=0.867 asset=0.994 crit=0.986 (1.4s)
[e5]   B5_occ_rng     awc=0.968 asset=0.958 crit=1.000 (129.4s)
[e5]   B10_full       awc=0.975 asset=0.999 crit=1.000 (163.7s)
[e5] scene_M_mid/seed0: patches=846 gaps=91 n_full=21 budget=7站/420m
[e5]   Bdisp_maxmin   awc=0.868 asset=0.943 crit=0.957 (1.7s)
[e5]   B5_occ_rng     awc=0.854 asset=0.947 crit=0.943 (139.6s)
[e5]   B10_full       awc=0.993 asset=0.989 crit=0.986 (126.6s)
[e5] scene_M_mid/seed1: patches=858 gaps=90 n_full=21 budget=7站/420m
[e5]   Bdisp_maxmin   awc=0.774 asset=0.860 crit=0.779 (1.7s)
[e5]   B5_occ_rng     awc=0.833 asset=0.900 crit=0.926 (156.7s)
[e5]   B10_full       awc=0.886 asset=0.976 crit=0.985 (190.1s)
[e5] scene_M_mid/seed2: patches=864 gaps=83 n_full=22 budget=8站/480m
[e5]   Bdisp_maxmin   awc=0.861 asset=0.952 crit=0.935 (2.6s)
