[e5] config_hash=932ac9319d commit=a22e680-dirty
[e5] scene_S_low/seed0: patches=526 gaps=60 n_full=13 budget=6站/360m
[e5]   Bdisp_maxmin   awc=0.872 asset=0.783 crit=0.727 (0.8s)
[e5]   B5_occ_rng     awc=0.985 asset=0.853 crit=0.818 (18.2s)
[e5]   B10_full       awc=0.990 asset=0.920 crit=0.864 (143.0s)
[e5] scene_S_low/seed1: patches=486 gaps=42 n_full=14 budget=5站/300m
[e5]   Bdisp_maxmin   awc=0.977 asset=0.906 crit=0.929 (0.9s)
[e5]   B5_occ_rng     awc=0.978 asset=0.883 crit=0.929 (11.3s)
[e5]   B10_full       awc=0.989 asset=0.969 crit=1.000 (90.9s)
[e5] scene_S_low/seed2: patches=522 gaps=44 n_full=13 budget=6站/360m
[e5]   Bdisp_maxmin   awc=0.939 asset=0.846 crit=0.885 (1.1s)
[e5]   B5_occ_rng     awc=0.980 asset=0.885 crit=0.885 (34.9s)
[e5]   B10_full       awc=0.973 asset=0.863 crit=0.923 (99.3s)
[e5] scene_S_mid/seed0: patches=682 gaps=53 n_full=10 budget=7站/420m
[e5]   Bdisp_maxmin   awc=0.997 asset=0.976 crit=0.972 (5.4s)
[e5]   B5_occ_rng     awc=0.995 asset=0.952 crit=0.944 (51.3s)
[e5]   B10_full       awc=0.995 asset=0.952 crit=0.944 (184.9s)
[e5] scene_S_mid/seed1: patches=654 gaps=60 n_full=12 budget=7站/420m
[e5]   Bdisp_maxmin   awc=0.920 asset=0.949 crit=0.953 (2.6s)
[e5]   B5_occ_rng     awc=0.999 asset=0.974 crit=1.000 (28.2s)
[e5]   B10_full       awc=0.999 asset=0.974 crit=1.000 (164.3s)
[e5] scene_S_mid/seed2: patches=672 gaps=53 n_full=10 budget=7站/420m
[e5]   Bdisp_maxmin   awc=0.990 asset=0.958 crit=0.912 (3.2s)
[e5]   B5_occ_rng     awc=0.989 asset=0.889 crit=0.882 (32.9s)
[e5]   B10_full       awc=0.986 asset=0.885 crit=0.824 (154.5s)
[e5] scene_S_high/seed0: patches=886 gaps=89 n_full=10 budget=9站/540m
[e5]   Bdisp_maxmin   awc=0.951 asset=0.797 crit=0.833 (2.7s)
[e5]   B5_occ_rng     awc=0.984 asset=0.979 crit=0.985 (58.6s)
[e5]   B10_full       awc=0.982 asset=0.977 crit=0.985 (194.3s)
[e5] scene_S_high/seed1: patches=946 gaps=85 n_full=9 budget=10站/600m
