[e5] config_hash=23e6699a18 commit=30ed463-dirty
[e5] scene_S_low/seed0: patches=526 gaps=54 n_full=13 budget=6站/360m
[e5]   Bdisp_maxmin   awc=1.000 asset=1.000 crit=1.000 (1.1s)
[e5]   Bbim_offline   awc=0.715 asset=0.925 crit=0.892 (1.0s)
[e5]   B5_occ_rng     awc=0.998 asset=0.919 crit=0.973 (17.7s)
[e5]   B10_full       awc=0.998 asset=0.919 crit=0.973 (157.9s)
[e5] scene_S_low/seed1: patches=486 gaps=44 n_full=14 budget=5站/300m
[e5]   Bdisp_maxmin   awc=0.968 asset=0.847 crit=0.897 (2.0s)
[e5]   Bbim_offline   awc=0.980 asset=0.887 crit=0.897 (1.3s)
[e5]   B5_occ_rng     awc=0.966 asset=0.874 crit=0.931 (11.8s)
[e5]   B10_full       awc=0.981 asset=0.890 crit=0.931 (121.9s)
[e5] scene_S_low/seed2: patches=522 gaps=59 n_full=13 budget=6站/360m
[e5]   Bdisp_maxmin   awc=0.974 asset=0.873 crit=0.872 (1.9s)
[e5]   Bbim_offline   awc=0.980 asset=0.882 crit=0.897 (3.1s)
[e5]   B5_occ_rng     awc=0.981 asset=0.917 crit=0.949 (33.6s)
[e5]   B10_full       awc=0.976 asset=0.908 crit=0.949 (115.6s)
[e5] scene_S_mid/seed0: patches=682 gaps=63 n_full=10 budget=7站/420m
[e5]   Bdisp_maxmin   awc=1.000 asset=1.000 crit=1.000 (6.8s)
[e5]   Bbim_offline   awc=0.975 asset=0.909 crit=0.878 (2.9s)
[e5]   B5_occ_rng     awc=0.993 asset=0.944 crit=0.959 (30.7s)
[e5]   B10_full       awc=0.998 asset=0.981 crit=0.980 (159.1s)
[e5] scene_S_mid/seed1: patches=654 gaps=80 n_full=12 budget=7站/420m
[e5]   Bdisp_maxmin   awc=0.984 asset=0.939 crit=0.938 (3.2s)
[e5]   Bbim_offline   awc=0.992 asset=0.963 crit=0.953 (1.1s)
[e5]   B5_occ_rng     awc=0.997 asset=0.988 crit=0.984 (28.3s)
[e5]   B10_full       awc=1.000 asset=0.999 crit=1.000 (144.0s)
[e5] scene_S_mid/seed2: patches=672 gaps=67 n_full=10 budget=7站/420m
[e5]   Bdisp_maxmin   awc=0.995 asset=0.988 crit=0.981 (10.4s)
[e5]   Bbim_offline   awc=0.966 asset=0.807 crit=0.846 (3.4s)
[e5]   B5_occ_rng     awc=0.992 asset=0.907 crit=0.962 (37.2s)
[e5]   B10_full       awc=0.996 asset=0.937 crit=0.981 (185.6s)
[e5] scene_S_high/seed0: patches=886 gaps=117 n_full=10 budget=9站/540m
[e5]   Bdisp_maxmin   awc=0.964 asset=0.844 crit=0.911 (2.5s)
[e5]   Bbim_offline   awc=0.986 asset=0.976 crit=0.960 (1.8s)
[e5]   B5_occ_rng     awc=0.988 asset=0.990 crit=1.000 (45.2s)
[e5]   B10_full       awc=0.987 asset=0.994 crit=1.000 (185.5s)
[e5] scene_S_high/seed1: patches=946 gaps=108 n_full=9 budget=10站/600m
[e5]   Bdisp_maxmin   awc=0.978 asset=0.859 crit=0.881 (8.5s)
[e5]   Bbim_offline   awc=0.972 asset=0.873 crit=0.881 (1.4s)
[e5]   B5_occ_rng     awc=1.000 asset=0.999 crit=1.000 (65.7s)
[e5]   B10_full       awc=0.986 asset=0.922 crit=0.940 (251.5s)
[e5] scene_S_high/seed2: patches=888 gaps=95 n_full=10 budget=9站/540m
[e5]   Bdisp_maxmin   awc=0.964 asset=0.793 crit=0.845 (7.7s)
[e5]   Bbim_offline   awc=0.995 asset=0.966 crit=0.986 (1.8s)
[e5]   B5_occ_rng     awc=0.998 asset=0.994 crit=0.986 (62.0s)
[e5]   B10_full       awc=1.000 asset=1.000 crit=1.000 (164.3s)
[e5] scene_M_low/seed0: patches=678 gaps=90 n_full=25 budget=7站/420m
[e5]   Bdisp_maxmin   awc=0.693 asset=0.887 crit=0.917 (2.5s)
[e5]   Bbim_offline   awc=0.971 asset=0.961 crit=0.972 (4.0s)
[e5]   B5_occ_rng     awc=0.927 asset=0.961 crit=0.958 (52.2s)
[e5]   B10_full       awc=0.860 asset=0.943 crit=0.958 (287.8s)
[e5] scene_M_low/seed1: patches=672 gaps=67 n_full=25 budget=7站/420m
[e5]   Bdisp_maxmin   awc=0.867 asset=0.982 crit=0.980 (1.5s)
[e5]   Bbim_offline   awc=0.992 asset=0.949 crit=0.922 (1.6s)
[e5]   B5_occ_rng     awc=0.989 asset=0.970 crit=1.000 (91.8s)
[e5]   B10_full       awc=0.998 asset=0.989 crit=0.980 (332.9s)
[e5] scene_M_low/seed2: patches=672 gaps=89 n_full=24 budget=7站/420m
[e5]   Bdisp_maxmin   awc=0.863 asset=0.974 crit=0.986 (2.1s)
[e5]   Bbim_offline   awc=0.897 asset=0.984 crit=0.972 (2.4s)
[e5]   B5_occ_rng     awc=0.956 asset=0.952 crit=0.986 (67.2s)
[e5]   B10_full       awc=1.000 asset=1.000 crit=1.000 (344.6s)
[e5] scene_M_mid/seed0: patches=846 gaps=89 n_full=21 budget=8站/480m
[e5]   Bdisp_maxmin   awc=0.871 asset=0.983 crit=0.971 (4.1s)
[e5]   Bbim_offline   awc=0.897 asset=0.983 crit=0.957 (5.1s)
[e5]   B5_occ_rng     awc=0.895 asset=0.959 crit=0.957 (63.7s)
[e5]   B10_full       awc=0.967 asset=0.970 crit=0.971 (515.4s)
[e5] scene_M_mid/seed1: patches=858 gaps=90 n_full=21 budget=9站/540m
[e5]   Bdisp_maxmin   awc=0.841 asset=0.962 crit=0.956 (2.5s)
[e5]   Bbim_offline   awc=0.997 asset=0.985 crit=0.985 (3.0s)
[e5]   B5_occ_rng     awc=0.952 asset=0.996 crit=1.000 (119.3s)
[e5]   B10_full       awc=0.952 asset=0.996 crit=1.000 (594.8s)
[e5] scene_M_mid/seed2: patches=864 gaps=83 n_full=22 budget=9站/540m
[e5]   Bdisp_maxmin   awc=0.861 asset=0.950 crit=0.935 (5.9s)
[e5]   Bbim_offline   awc=0.978 asset=0.972 crit=0.968 (5.3s)
[e5]   B5_occ_rng     awc=0.978 asset=0.985 crit=0.984 (116.9s)
[e5]   B10_full       awc=0.979 asset=0.972 crit=0.968 (541.1s)
[e5] scene_M_high/seed0: patches=1308 gaps=166 n_full=19 budget=13站/780m
[e5]   Bdisp_maxmin   awc=0.920 asset=0.945 crit=0.946 (4.8s)
[e5]   Bbim_offline   awc=0.997 asset=0.981 crit=1.000 (3.2s)
[e5]   B5_occ_rng     awc=0.901 asset=0.984 crit=1.000 (307.0s)
[e5]   B10_full       awc=0.967 asset=0.988 crit=1.000 (864.4s)
[e5] scene_M_high/seed1: patches=1296 gaps=92 n_full=17 budget=13站/780m
[e5]   Bdisp_maxmin   awc=0.863 asset=0.927 crit=0.963 (3.8s)
[e5]   Bbim_offline   awc=0.977 asset=0.997 crit=1.000 (2.5s)
[e5]   B5_occ_rng     awc=0.999 asset=0.992 crit=1.000 (220.7s)
[e5]   B10_full       awc=0.987 asset=0.999 crit=1.000 (641.9s)
[e5] scene_M_high/seed2: patches=1302 gaps=75 n_full=16 budget=13站/780m
[e5]   Bdisp_maxmin   awc=0.879 asset=0.985 crit=0.984 (3.7s)
[e5]   Bbim_offline   awc=0.991 asset=0.983 crit=0.984 (3.4s)
[e5]   B5_occ_rng     awc=0.947 asset=0.992 crit=1.000 (127.7s)
[e5]   B10_full       awc=0.993 asset=0.983 crit=1.000 (486.8s)
[e5] scene_L_low/seed0: patches=852 gaps=134 n_full=46 budget=9站/540m
[e5]   Bdisp_maxmin   awc=0.853 asset=0.971 crit=0.964 (4.8s)
[e5]   Bbim_offline   awc=0.928 asset=0.975 crit=0.973 (2.6s)
[e5]   B5_occ_rng     awc=0.914 asset=0.968 crit=0.982 (86.8s)
[e5]   B10_full       awc=0.942 asset=0.979 crit=0.982 (435.6s)
[e5] scene_L_low/seed1: patches=882 gaps=141 n_full=42 budget=9站/540m
[e5]   Bdisp_maxmin   awc=0.833 asset=0.966 crit=0.965 (3.4s)
[e5]   Bbim_offline   awc=0.988 asset=0.980 crit=0.983 (2.7s)
[e5]   B5_occ_rng     awc=0.948 asset=0.982 crit=0.991 (86.9s)
[e5]   B10_full       awc=0.903 asset=0.974 crit=0.983 (406.7s)
[e5] scene_L_low/seed2: patches=840 gaps=137 n_full=44 budget=8站/480m
[e5]   Bdisp_maxmin   awc=0.804 asset=0.944 crit=0.965 (3.0s)
[e5]   Bbim_offline   awc=0.964 asset=0.980 crit=0.983 (2.5s)
[e5]   B5_occ_rng     awc=0.937 asset=0.972 crit=0.983 (71.3s)
[e5]   B10_full       awc=0.960 asset=0.981 crit=0.983 (300.2s)
[e5] scene_L_mid/seed0: patches=1260 gaps=241 n_full=38 budget=13站/780m
[e5]   Bdisp_maxmin   awc=0.865 asset=0.963 crit=0.980 (6.3s)
[e5]   Bbim_offline   awc=0.948 asset=0.981 crit=0.990 (5.3s)
[e5]   B5_occ_rng     awc=0.985 asset=0.985 crit=0.995 (189.9s)
[e5]   B10_full       awc=0.950 asset=0.987 crit=1.000 (304.0s)
[e5] scene_L_mid/seed1: patches=1260 gaps=211 n_full=34 budget=13站/780m
[e5]   Bdisp_maxmin   awc=0.866 asset=0.958 crit=0.952 (3.8s)
[e5]   Bbim_offline   awc=0.983 asset=0.987 crit=0.995 (3.4s)
[e5]   B5_occ_rng     awc=0.982 asset=0.987 crit=0.989 (184.6s)
[e5]   B10_full       awc=0.948 asset=0.982 crit=0.989 (300.8s)
[e5] scene_L_mid/seed2: patches=1212 gaps=240 n_full=38 budget=12站/720m
[e5]   Bdisp_maxmin   awc=0.900 asset=0.984 crit=0.981 (4.0s)
[e5]   Bbim_offline   awc=0.999 asset=0.998 crit=1.000 (3.3s)
[e5]   B5_occ_rng     awc=0.963 asset=0.984 crit=0.991 (154.1s)
[e5]   B10_full       awc=0.999 asset=1.000 crit=1.000 (257.2s)
[e5] scene_L_high/seed0: patches=1606 gaps=282 n_full=36 budget=15站/900m
[e5]   Bdisp_maxmin   awc=0.902 asset=0.972 crit=0.975 (6.7s)
[e5]   Bbim_offline   awc=1.000 asset=1.000 crit=1.000 (3.9s)
[e5]   B5_occ_rng     awc=0.955 asset=0.992 crit=1.000 (229.8s)
[e5]   B10_full       awc=0.975 asset=0.998 crit=1.000 (372.2s)
[e5] scene_L_high/seed1: patches=1674 gaps=300 n_full=34 budget=17站/1020m
[e5]   Bdisp_maxmin   awc=0.971 asset=0.973 crit=0.988 (6.5s)
[e5]   Bbim_offline   awc=0.967 asset=0.977 crit=0.992 (4.2s)
[e5]   B5_occ_rng     awc=0.956 asset=0.992 crit=0.996 (294.0s)
[e5]   B10_full       awc=0.994 asset=0.995 crit=0.996 (459.3s)
[e5] scene_L_high/seed2: patches=1650 gaps=183 n_full=32 budget=16站/960m
[e5]   Bdisp_maxmin   awc=0.931 asset=0.957 crit=0.976 (19.3s)
[e5]   Bbim_offline   awc=1.000 asset=1.000 crit=1.000 (4.0s)
[e5]   B5_occ_rng     awc=0.979 asset=0.995 crit=1.000 (245.6s)
[e5]   B10_full       awc=0.992 asset=0.991 crit=0.994 (412.7s)
